// Jest Snapshot v1, https://goo.gl/fbAQLP

exports[`renders a favorite name correctly 1`] = `
<View
  accessible={true}
  isTVSelectable={true}
  onResponderGrant={[Function]}
  onResponderMove={[Function]}
  onResponderRelease={[Function]}
  onResponderTerminate={[Function]}
  onResponderTerminationRequest={[Function]}
  onStartShouldSetResponder={[Function]}
  style={null}
>
  <View
    style={
      Object {
        "alignItems": "center",
        "backgroundColor": "transparent",
        "borderBottomWidth": 0.5,
        "borderColor": "#c9c9c9",
        "flexDirection": "row",
        "marginLeft": 16,
        "paddingBottom": 13,
        "paddingRight": 16,
        "paddingTop": 13,
      }
    }
  >
    <View
      style={
        Object {
          "alignItems": null,
          "alignSelf": null,
          "flex": 1,
        }
      }
    >
      <Text
        style={
          Array [
            Object {
              "color": "#000",
              "fontFamily": "System",
              "fontSize": 16,
              "marginLeft": 10,
              "marginRight": 10,
            },
            Object {
              "marginLeft": 0,
            },
          ]
        }
        uppercase={false}
      >
        artur
      </Text>
      <Text
        note={true}
        numberOfLines={1}
        style={
          Array [
            Object {
              "color": "#808080",
              "fontFamily": "System",
              "fontSize": 14,
              "fontWeight": "200",
              "marginLeft": 10,
              "marginRight": 10,
            },
            Object {
              "marginLeft": 0,
            },
          ]
        }
        uppercase={false}
      />
    </View>
    <View
      style={
        Object {
          "alignItems": "flex-end",
          "alignSelf": "center",
          "flex": 0.28,
          "paddingBottom": null,
          "paddingLeft": null,
          "paddingRight": null,
          "paddingTop": null,
        }
      }
    >
      <View
        accessible={true}
        isTVSelectable={true}
        onResponderGrant={[Function]}
        onResponderMove={[Function]}
        onResponderRelease={[Function]}
        onResponderTerminate={[Function]}
        onResponderTerminationRequest={[Function]}
        onStartShouldSetResponder={[Function]}
        style={
          Object {
            "opacity": 1,
          }
        }
      >
        <Text
          allowFontScaling={false}
          style={
            Array [
              Object {
                "color": undefined,
                "fontSize": 12,
              },
              Array [
                Object {
                  "color": "#000",
                  "fontSize": 30,
                },
                Object {
                  "alignSelf": null,
                  "color": "#c9c8cd",
                  "fontSize": 22,
                },
                Object {
                  "color": "#673AB7",
                  "fontSize": 22,
                },
              ],
              Object {
                "fontFamily": "Ionicons",
                "fontStyle": "normal",
                "fontWeight": "normal",
              },
            ]
          }
        >
          
        </Text>
      </View>
    </View>
  </View>
</View>
`;

exports[`renders a name correctly 1`] = `
<View
  accessible={true}
  isTVSelectable={true}
  onResponderGrant={[Function]}
  onResponderMove={[Function]}
  onResponderRelease={[Function]}
  onResponderTerminate={[Function]}
  onResponderTerminationRequest={[Function]}
  onStartShouldSetResponder={[Function]}
  style={null}
>
  <View
    style={
      Object {
        "alignItems": "center",
        "backgroundColor": "transparent",
        "borderBottomWidth": 0.5,
        "borderColor": "#c9c9c9",
        "flexDirection": "row",
        "marginLeft": 16,
        "paddingBottom": 13,
        "paddingRight": 16,
        "paddingTop": 13,
      }
    }
  >
    <View
      style={
        Object {
          "alignItems": null,
          "alignSelf": null,
          "flex": 1,
        }
      }
    >
      <Text
        style={
          Array [
            Object {
              "color": "#000",
              "fontFamily": "System",
              "fontSize": 16,
              "marginLeft": 10,
              "marginRight": 10,
            },
            Object {
              "marginLeft": 0,
            },
          ]
        }
        uppercase={false}
      >
        artur
      </Text>
      <Text
        note={true}
        numberOfLines={1}
        style={
          Array [
            Object {
              "color": "#808080",
              "fontFamily": "System",
              "fontSize": 14,
              "fontWeight": "200",
              "marginLeft": 10,
              "marginRight": 10,
            },
            Object {
              "marginLeft": 0,
            },
          ]
        }
        uppercase={false}
      />
    </View>
    <View
      style={
        Object {
          "alignItems": "flex-end",
          "alignSelf": "center",
          "flex": 0.28,
          "paddingBottom": null,
          "paddingLeft": null,
          "paddingRight": null,
          "paddingTop": null,
        }
      }
    >
      <View
        accessible={true}
        isTVSelectable={true}
        onResponderGrant={[Function]}
        onResponderMove={[Function]}
        onResponderRelease={[Function]}
        onResponderTerminate={[Function]}
        onResponderTerminationRequest={[Function]}
        onStartShouldSetResponder={[Function]}
        style={
          Object {
            "opacity": 1,
          }
        }
      >
        <Text
          allowFontScaling={false}
          style={
            Array [
              Object {
                "color": undefined,
                "fontSize": 12,
              },
              Array [
                Object {
                  "color": "#000",
                  "fontSize": 30,
                },
                Object {
                  "alignSelf": null,
                  "color": "#c9c8cd",
                  "fontSize": 22,
                },
                Object {
                  "color": "#673AB7",
                  "fontSize": 22,
                },
              ],
              Object {
                "fontFamily": "Ionicons",
                "fontStyle": "normal",
                "fontWeight": "normal",
              },
            ]
          }
        >
          
        </Text>
      </View>
    </View>
  </View>
</View>
`;
