// Jest Snapshot v1, https://goo.gl/fbAQLP

exports[`renders a favorite name correctly 1`] = `
<View
  accessible={true}
  onResponderGrant={[Function]}
  onResponderMove={[Function]}
  onResponderRelease={[Function]}
  onResponderTerminate={[Function]}
  onResponderTerminationRequest={[Function]}
  onStartShouldSetResponder={[Function]}
  style={
    Object {
      "marginLeft": 16,
      "marginRight": 16,
    }
  }
>
  <View
    style={
      Object {
        "borderColor": "rgba(0, 0, 0, 0.15)",
        "borderTopWidth": 1,
        "flex": 1,
        "flexDirection": "row",
        "justifyContent": "space-between",
      }
    }
  >
    <View>
      <Text
        style={
          Object {
            "fontSize": 19,
            "marginTop": 16,
          }
        }
      >
        artur
      </Text>
      <Text
        style={
          Object {
            "color": "#979797",
            "fontSize": 14,
            "marginBottom": 16,
            "marginTop": 4,
          }
        }
      />
    </View>
    <View
      accessible={true}
      isTVSelectable={true}
      onResponderGrant={[Function]}
      onResponderMove={[Function]}
      onResponderRelease={[Function]}
      onResponderTerminate={[Function]}
      onResponderTerminationRequest={[Function]}
      onStartShouldSetResponder={[Function]}
      style={
        Object {
          "opacity": 1,
          "paddingBottom": 24,
          "paddingLeft": 24,
          "paddingTop": 28,
        }
      }
    >
      <Text
        allowFontScaling={false}
        style={
          Array [
            Object {
              "color": undefined,
              "fontSize": 12,
            },
            Object {
              "color": "#7A62A4",
              "fontSize": 22,
              "marginRight": 8,
            },
            Object {
              "fontFamily": "Ionicons",
              "fontStyle": "normal",
              "fontWeight": "normal",
            },
            Object {},
          ]
        }
      >
        
      </Text>
    </View>
  </View>
</View>
`;

exports[`renders a name correctly 1`] = `
<View
  accessible={true}
  onResponderGrant={[Function]}
  onResponderMove={[Function]}
  onResponderRelease={[Function]}
  onResponderTerminate={[Function]}
  onResponderTerminationRequest={[Function]}
  onStartShouldSetResponder={[Function]}
  style={
    Object {
      "marginLeft": 16,
      "marginRight": 16,
    }
  }
>
  <View
    style={
      Object {
        "borderColor": "rgba(0, 0, 0, 0.15)",
        "borderTopWidth": 1,
        "flex": 1,
        "flexDirection": "row",
        "justifyContent": "space-between",
      }
    }
  >
    <View>
      <Text
        style={
          Object {
            "fontSize": 19,
            "marginTop": 16,
          }
        }
      >
        artur
      </Text>
      <Text
        style={
          Object {
            "color": "#979797",
            "fontSize": 14,
            "marginBottom": 16,
            "marginTop": 4,
          }
        }
      />
    </View>
    <View
      accessible={true}
      isTVSelectable={true}
      onResponderGrant={[Function]}
      onResponderMove={[Function]}
      onResponderRelease={[Function]}
      onResponderTerminate={[Function]}
      onResponderTerminationRequest={[Function]}
      onStartShouldSetResponder={[Function]}
      style={
        Object {
          "opacity": 1,
          "paddingBottom": 24,
          "paddingLeft": 24,
          "paddingTop": 28,
        }
      }
    >
      <Text
        allowFontScaling={false}
        style={
          Array [
            Object {
              "color": undefined,
              "fontSize": 12,
            },
            Object {
              "color": "#7A62A4",
              "fontSize": 22,
              "marginRight": 8,
            },
            Object {
              "fontFamily": "Ionicons",
              "fontStyle": "normal",
              "fontWeight": "normal",
            },
            Object {},
          ]
        }
      >
        
      </Text>
    </View>
  </View>
</View>
`;
