// Jest Snapshot v1, https://goo.gl/fbAQLP

exports[`renders correctly 1`] = `
Array [
  Object {
    "data": Array [
      Object {
        "isFavorite": false,
        "name": "Artur",
      },
      Object {
        "isFavorite": false,
        "name": "Alexander",
      },
    ],
    "title": "A",
  },
  Object {
    "data": Array [
      Object {
        "isFavorite": true,
        "name": "Svetlana",
      },
    ],
    "title": "S",
  },
]
`;
