// Jest Snapshot v1, https://goo.gl/fbAQLP

exports[`shows passed text 1`] = `
<View
  style={
    Object {
      "alignItems": "center",
      "flex": 1,
      "flexDirection": "column",
      "justifyContent": "center",
      "paddingTop": 50,
    }
  }
>
  <Text
    style={
      Object {
        "color": "#9e9e9e",
        "fontSize": 16,
        "fontWeight": "500",
      }
    }
  >
    Загружается...
  </Text>
</View>
`;
