// Jest Snapshot v1, https://goo.gl/fbAQLP

exports[`renders correctly 1`] = `
<View
  style={
    Object {
      "backgroundColor": "#fff",
      "paddingLeft": 16,
      "paddingRight": 16,
    }
  }
>
  <Text
    accessible={true}
    allowFontScaling={true}
    ellipsizeMode="tail"
    style={
      Object {
        "backgroundColor": "#fff",
        "color": "#979797",
        "fontSize": 15,
        "fontWeight": "500",
        "marginBottom": 1,
        "paddingBottom": 8,
      }
    }
  >
    A
  </Text>
</View>
`;
